Trace for PetersonGraphColor
[Time Stamp]:12:32:14, Nov-12-2025
[Location]:/Users/seamusmullan/GitHub/CS357/Lab6/petersen_color_template.cyclone
[States]:10 
A B C D E F G H I J 
[Trans]:60
[Start State]:A
[Final State(s)]:A B C D E F G H I J 
[Trace Length]:20

[Goal]:

[Mode]:Standard  - [20]



[1].@A
color_a:0
color_b:1
color_c:1
color_d:0
color_e:0
color_f:1
color_g:0
color_h:0
color_i:0
color_j:0


[2].@B
color_a:0
color_b:1
color_c:1
color_d:0
color_e:0
color_f:1
color_g:0
color_h:0
color_i:0
color_j:0


[3].@G
color_a:0
color_b:1
color_c:1
color_d:0
color_e:0
color_f:1
color_g:0
color_h:0
color_i:0
color_j:0


[4].@J
color_a:0
color_b:1
color_c:1
color_d:0
color_e:0
color_f:1
color_g:0
color_h:0
color_i:0
color_j:0


[5].@F
color_a:0
color_b:1
color_c:1
color_d:0
color_e:0
color_f:1
color_g:0
color_h:0
color_i:0
color_j:0


[6].@I
color_a:0
color_b:1
color_c:1
color_d:0
color_e:0
color_f:1
color_g:0
color_h:0
color_i:0
color_j:0


[7].@F
color_a:0
color_b:1
color_c:1
color_d:0
color_e:0
color_f:1
color_g:0
color_h:0
color_i:0
color_j:0


[8].@I
color_a:0
color_b:1
color_c:1
color_d:0
color_e:0
color_f:1
color_g:0
color_h:0
color_i:0
color_j:0


[9].@F
color_a:0
color_b:1
color_c:1
color_d:0
color_e:0
color_f:1
color_g:0
color_h:0
color_i:0
color_j:0


[10].@I
color_a:0
color_b:1
color_c:1
color_d:0
color_e:0
color_f:1
color_g:0
color_h:0
color_i:0
color_j:0


[11].@F
color_a:0
color_b:1
color_c:1
color_d:0
color_e:0
color_f:1
color_g:0
color_h:0
color_i:0
color_j:0


[12].@I
color_a:0
color_b:1
color_c:1
color_d:0
color_e:0
color_f:1
color_g:0
color_h:0
color_i:0
color_j:0


[13].@F
color_a:0
color_b:1
color_c:1
color_d:0
color_e:0
color_f:1
color_g:0
color_h:0
color_i:0
color_j:0


[14].@I
color_a:0
color_b:1
color_c:1
color_d:0
color_e:0
color_f:1
color_g:0
color_h:0
color_i:0
color_j:0


[15].@F
color_a:0
color_b:1
color_c:1
color_d:0
color_e:0
color_f:1
color_g:0
color_h:0
color_i:0
color_j:0


[16].@I
color_a:0
color_b:1
color_c:1
color_d:0
color_e:0
color_f:1
color_g:0
color_h:0
color_i:0
color_j:0


[17].@F
color_a:0
color_b:1
color_c:1
color_d:0
color_e:0
color_f:1
color_g:0
color_h:0
color_i:0
color_j:0


[18].@I
color_a:0
color_b:1
color_c:1
color_d:0
color_e:0
color_f:1
color_g:0
color_h:0
color_i:0
color_j:0


[19].@F
color_a:0
color_b:1
color_c:1
color_d:0
color_e:0
color_f:1
color_g:0
color_h:0
color_i:0
color_j:0


[20].@I
color_a:0
color_b:1
color_c:1
color_d:0
color_e:0
color_f:1
color_g:0
color_h:0
color_i:0
color_j:0


[21].@H
color_a:0
color_b:1
color_c:1
color_d:0
color_e:0
color_f:1
color_g:0
color_h:0
color_i:0
color_j:0


